Archive member included to satisfy reference by file (symbol)

startup/libea_startup_thumb.a(consol.o)
                              main.o (simplePrintf)
startup/libea_startup_thumb.a(framework.o)
                              main.o (printf_init)
startup/libea_startup_thumb.a(startup.o)
                              (_startup)
irq/irq_handler.a(irq_handler.o)
                              main.o (IRQ_Test)
c:/embedded/tools/bin/../lib/gcc/arm-none-eabi/7.3.1\libgcc.a(_udivsi3.o)
                              startup/libea_startup_thumb.a(consol.o) (__aeabi_uidiv)
c:/embedded/tools/bin/../lib/gcc/arm-none-eabi/7.3.1\libgcc.a(_dvmd_tls.o)
                              c:/embedded/tools/bin/../lib/gcc/arm-none-eabi/7.3.1\libgcc.a(_udivsi3.o) (__aeabi_idiv0)
c:/embedded/tools/bin/../lib/gcc/arm-none-eabi/7.3.1\libgcc.a(_aeabi_uldivmod.o)
                              main.o (__aeabi_uldivmod)
c:/embedded/tools/bin/../lib/gcc/arm-none-eabi/7.3.1\libgcc.a(_muldi3.o)
                              main.o (__aeabi_lmul)
c:/embedded/tools/bin/../lib/gcc/arm-none-eabi/7.3.1\libgcc.a(_udivmoddi4.o)
                              c:/embedded/tools/bin/../lib/gcc/arm-none-eabi/7.3.1\libgcc.a(_aeabi_uldivmod.o) (__udivmoddi4)
c:/embedded/tools/bin/../lib/gcc/arm-none-eabi/7.3.1\libgcc.a(_clzdi2.o)
                              c:/embedded/tools/bin/../lib/gcc/arm-none-eabi/7.3.1\libgcc.a(_udivmoddi4.o) (__clzdi2)
c:/embedded/tools/bin/../lib/gcc/arm-none-eabi/7.3.1\libgcc.a(_clzsi2.o)
                              c:/embedded/tools/bin/../lib/gcc/arm-none-eabi/7.3.1\libgcc.a(_clzdi2.o) (__clzsi2)
c:/embedded/tools/bin/../lib/gcc/arm-none-eabi/7.3.1/../../../../arm-none-eabi/lib\libc_nano.a(lib_a-atoi.o)
                              startup/libea_startup_thumb.a(consol.o) (atoi)
c:/embedded/tools/bin/../lib/gcc/arm-none-eabi/7.3.1/../../../../arm-none-eabi/lib\libc_nano.a(lib_a-strlen.o)
                              startup/libea_startup_thumb.a(consol.o) (strlen)
c:/embedded/tools/bin/../lib/gcc/arm-none-eabi/7.3.1/../../../../arm-none-eabi/lib\libc_nano.a(lib_a-strtol.o)
                              c:/embedded/tools/bin/../lib/gcc/arm-none-eabi/7.3.1/../../../../arm-none-eabi/lib\libc_nano.a(lib_a-atoi.o) (_strtol_r)
c:/embedded/tools/bin/../lib/gcc/arm-none-eabi/7.3.1/../../../../arm-none-eabi/lib\libc_nano.a(lib_a-impure.o)
                              c:/embedded/tools/bin/../lib/gcc/arm-none-eabi/7.3.1/../../../../arm-none-eabi/lib\libc_nano.a(lib_a-strtol.o) (_impure_ptr)
c:/embedded/tools/bin/../lib/gcc/arm-none-eabi/7.3.1/../../../../arm-none-eabi/lib\libc_nano.a(lib_a-locale.o)
                              c:/embedded/tools/bin/../lib/gcc/arm-none-eabi/7.3.1/../../../../arm-none-eabi/lib\libc_nano.a(lib_a-strtol.o) (__locale_ctype_ptr_l)
c:/embedded/tools/bin/../lib/gcc/arm-none-eabi/7.3.1/../../../../arm-none-eabi/lib\libc_nano.a(lib_a-mbtowc_r.o)
                              c:/embedded/tools/bin/../lib/gcc/arm-none-eabi/7.3.1/../../../../arm-none-eabi/lib\libc_nano.a(lib_a-locale.o) (__ascii_mbtowc)
c:/embedded/tools/bin/../lib/gcc/arm-none-eabi/7.3.1/../../../../arm-none-eabi/lib\libc_nano.a(lib_a-strcmp.o)
                              c:/embedded/tools/bin/../lib/gcc/arm-none-eabi/7.3.1/../../../../arm-none-eabi/lib\libc_nano.a(lib_a-locale.o) (strcmp)
c:/embedded/tools/bin/../lib/gcc/arm-none-eabi/7.3.1/../../../../arm-none-eabi/lib\libc_nano.a(lib_a-wctomb_r.o)
                              c:/embedded/tools/bin/../lib/gcc/arm-none-eabi/7.3.1/../../../../arm-none-eabi/lib\libc_nano.a(lib_a-locale.o) (__ascii_wctomb)
c:/embedded/tools/bin/../lib/gcc/arm-none-eabi/7.3.1/../../../../arm-none-eabi/lib\libc_nano.a(lib_a-ctype_.o)
                              c:/embedded/tools/bin/../lib/gcc/arm-none-eabi/7.3.1/../../../../arm-none-eabi/lib\libc_nano.a(lib_a-locale.o) (_ctype_)

Allocating common symbols
Common symbol       size              file

pHeapEnd            0x4               startup/libea_startup_thumb.a(framework.o)
pHeapStart          0x4               startup/libea_startup_thumb.a(framework.o)

Memory Configuration

Name             Origin             Length             Attributes
FLASH            0x00000000         0x00080000         xr
RAM              0x40000000         0x00008000         rw
*default*        0x00000000         0xffffffff

Linker script and memory map

LOAD main.o
LOAD lcd.o
LOAD lcd_hw.o
LOAD startup/libea_startup_thumb.a
LOAD irq/irq_handler.a
LOAD c:/embedded/tools/bin/../lib/gcc/arm-none-eabi/7.3.1/../../../../arm-none-eabi/lib\libstdc++_nano.a
LOAD c:/embedded/tools/bin/../lib/gcc/arm-none-eabi/7.3.1/../../../../arm-none-eabi/lib\libm.a
START GROUP
LOAD c:/embedded/tools/bin/../lib/gcc/arm-none-eabi/7.3.1\libgcc.a
LOAD c:/embedded/tools/bin/../lib/gcc/arm-none-eabi/7.3.1/../../../../arm-none-eabi/lib\libc_nano.a
END GROUP
START GROUP
LOAD c:/embedded/tools/bin/../lib/gcc/arm-none-eabi/7.3.1\libgcc.a
LOAD c:/embedded/tools/bin/../lib/gcc/arm-none-eabi/7.3.1/../../../../arm-none-eabi/lib\libc_nano.a
LOAD c:/embedded/tools/bin/../lib/gcc/arm-none-eabi/7.3.1/../../../../arm-none-eabi/lib\libnosys.a
END GROUP
START GROUP
LOAD c:/embedded/tools/bin/../lib/gcc/arm-none-eabi/7.3.1\libgcc.a
LOAD c:/embedded/tools/bin/../lib/gcc/arm-none-eabi/7.3.1/../../../../arm-none-eabi/lib\libc_nano.a
LOAD c:/embedded/tools/bin/../lib/gcc/arm-none-eabi/7.3.1/../../../../arm-none-eabi/lib\libnosys.a
END GROUP

.text           0x00000000     0x2430
 *startup.o(.text)
 .text          0x00000000      0x1bc startup/libea_startup_thumb.a(startup.o)
                0x00000000                _startup
 *(.text)
 .text          0x000001bc      0x2f4 main.o
                0x000001bc                sdelay
                0x00000348                main
 .text          0x000004b0      0x8c0 lcd.o
                0x000004b0                lcdInit
                0x000005ac                lcdClrscr
                0x00000618                lcdOff
                0x0000063c                lcdColor
                0x00000674                lcdContrast
                0x000006a8                lcdRect
                0x00000752                lcdRectBrd
                0x0000089e                lcdIcon
                0x000009fc                lcdGotoxy
                0x00000a44                lcdWindow
                0x00000b50                lcdData
                0x00000c88                lcdPutchar
                0x00000cfc                lcdPuts
                0x00000d28                lcdWrcmd
                0x00000d4c                lcdWrdata
 .text          0x00000d70      0x124 lcd_hw.o
                0x00000d70                sendToLCD
                0x00000e10                initSpiForLcd
                0x00000e5c                selectLCD
 .text          0x00000e94      0xce8 startup/libea_startup_thumb.a(consol.o)
                0x00001248                consolInit
                0x000012e0                consolSendChar
                0x00001330                consolSendCh
                0x00001374                consolSendString
                0x000013c0                consolSendNumber
                0x000015ec                simplePrintf
                0x0000162c                consolGetCh
                0x00001670                consolGetChar
                0x000016cc                consolGetString
                0x0000177c                consolGetIntNum
                0x000019cc                consolScanf
 .text          0x00001b7c      0x45c startup/libea_startup_thumb.a(framework.o)
                0x00001cd0                exceptionHandlerInit
                0x00001d60                lowLevelInit
                0x00001f44                printf_init
 .text          0x00001fd8       0x90 irq/irq_handler.a(irq_handler.o)
                0x00001fd8                IRQ_Test
 .text          0x00002068      0x114 c:/embedded/tools/bin/../lib/gcc/arm-none-eabi/7.3.1\libgcc.a(_udivsi3.o)
                0x00002068                __aeabi_uidiv
                0x00002068                __udivsi3
                0x0000215c                __aeabi_uidivmod
 .text          0x0000217c        0x4 c:/embedded/tools/bin/../lib/gcc/arm-none-eabi/7.3.1\libgcc.a(_dvmd_tls.o)
                0x0000217c                __aeabi_idiv0
                0x0000217c                __aeabi_ldiv0
 .text          0x00002180       0x3c c:/embedded/tools/bin/../lib/gcc/arm-none-eabi/7.3.1\libgcc.a(_aeabi_uldivmod.o)
                0x00002180                __aeabi_uldivmod
 .text          0x000021bc       0x3c c:/embedded/tools/bin/../lib/gcc/arm-none-eabi/7.3.1\libgcc.a(_muldi3.o)
                0x000021bc                __muldi3
                0x000021bc                __aeabi_lmul
 .text          0x000021f8      0x16c c:/embedded/tools/bin/../lib/gcc/arm-none-eabi/7.3.1\libgcc.a(_udivmoddi4.o)
                0x000021f8                __udivmoddi4
 .text          0x00002364       0x28 c:/embedded/tools/bin/../lib/gcc/arm-none-eabi/7.3.1\libgcc.a(_clzdi2.o)
                0x00002364                __clzdi2
 .text          0x0000238c       0x48 c:/embedded/tools/bin/../lib/gcc/arm-none-eabi/7.3.1\libgcc.a(_clzsi2.o)
                0x0000238c                __clzsi2
 .text          0x000023d4        0x0 c:/embedded/tools/bin/../lib/gcc/arm-none-eabi/7.3.1/../../../../arm-none-eabi/lib\libc_nano.a(lib_a-atoi.o)
 .text          0x000023d4        0xe c:/embedded/tools/bin/../lib/gcc/arm-none-eabi/7.3.1/../../../../arm-none-eabi/lib\libc_nano.a(lib_a-strlen.o)
                0x000023d4                strlen
 .text          0x000023e2        0x0 c:/embedded/tools/bin/../lib/gcc/arm-none-eabi/7.3.1/../../../../arm-none-eabi/lib\libc_nano.a(lib_a-strtol.o)
 .text          0x000023e2        0x0 c:/embedded/tools/bin/../lib/gcc/arm-none-eabi/7.3.1/../../../../arm-none-eabi/lib\libc_nano.a(lib_a-impure.o)
 .text          0x000023e2        0x0 c:/embedded/tools/bin/../lib/gcc/arm-none-eabi/7.3.1/../../../../arm-none-eabi/lib\libc_nano.a(lib_a-locale.o)
 .text          0x000023e2        0x0 c:/embedded/tools/bin/../lib/gcc/arm-none-eabi/7.3.1/../../../../arm-none-eabi/lib\libc_nano.a(lib_a-mbtowc_r.o)
 *fill*         0x000023e2        0x2 00000000
 .text          0x000023e4       0x1c c:/embedded/tools/bin/../lib/gcc/arm-none-eabi/7.3.1/../../../../arm-none-eabi/lib\libc_nano.a(lib_a-strcmp.o)
                0x000023e4                strcmp
 .text          0x00002400        0x0 c:/embedded/tools/bin/../lib/gcc/arm-none-eabi/7.3.1/../../../../arm-none-eabi/lib\libc_nano.a(lib_a-wctomb_r.o)
 .text          0x00002400        0x0 c:/embedded/tools/bin/../lib/gcc/arm-none-eabi/7.3.1/../../../../arm-none-eabi/lib\libc_nano.a(lib_a-ctype_.o)
 .text.__stub   0x00002400       0x2c linker stubs
 *(.glue_7)
 .glue_7        0x00002430        0x0 linker stubs
 *(.glue_7t)
 .glue_7t       0x00002430        0x0 linker stubs

.vfp11_veneer   0x00002430        0x0
 .vfp11_veneer  0x00002430        0x0 linker stubs

.v4_bx          0x00002430        0x0
 .v4_bx         0x00002430        0x0 linker stubs

.iplt           0x00002430        0x0
 .iplt          0x00002430        0x0 main.o

.text.atoi      0x00002430       0x18
 .text.atoi     0x00002430       0x18 c:/embedded/tools/bin/../lib/gcc/arm-none-eabi/7.3.1/../../../../arm-none-eabi/lib\libc_nano.a(lib_a-atoi.o)
                0x00002430                atoi

.text._atoi_r   0x00002448       0x18
 .text._atoi_r  0x00002448       0x18 c:/embedded/tools/bin/../lib/gcc/arm-none-eabi/7.3.1/../../../../arm-none-eabi/lib\libc_nano.a(lib_a-atoi.o)
                0x00002448                _atoi_r

.text._strtol_l.isra.0
                0x00002460      0x18c
 .text._strtol_l.isra.0
                0x00002460      0x18c c:/embedded/tools/bin/../lib/gcc/arm-none-eabi/7.3.1/../../../../arm-none-eabi/lib\libc_nano.a(lib_a-strtol.o)

.text._strtol_r
                0x000025ec       0x38
 .text._strtol_r
                0x000025ec       0x38 c:/embedded/tools/bin/../lib/gcc/arm-none-eabi/7.3.1/../../../../arm-none-eabi/lib\libc_nano.a(lib_a-strtol.o)
                0x000025ec                _strtol_r

.text.strtol_l  0x00002624       0x30
 .text.strtol_l
                0x00002624       0x30 c:/embedded/tools/bin/../lib/gcc/arm-none-eabi/7.3.1/../../../../arm-none-eabi/lib\libc_nano.a(lib_a-strtol.o)
                0x00002624                strtol_l

.text.strtol    0x00002654       0x48
 .text.strtol   0x00002654       0x48 c:/embedded/tools/bin/../lib/gcc/arm-none-eabi/7.3.1/../../../../arm-none-eabi/lib\libc_nano.a(lib_a-strtol.o)
                0x00002654                strtol

.text._setlocale_r
                0x0000269c       0x64
 .text._setlocale_r
                0x0000269c       0x64 c:/embedded/tools/bin/../lib/gcc/arm-none-eabi/7.3.1/../../../../arm-none-eabi/lib\libc_nano.a(lib_a-locale.o)
                0x0000269c                _setlocale_r

.text.__locale_mb_cur_max
                0x00002700       0x28
 .text.__locale_mb_cur_max
                0x00002700       0x28 c:/embedded/tools/bin/../lib/gcc/arm-none-eabi/7.3.1/../../../../arm-none-eabi/lib\libc_nano.a(lib_a-locale.o)
                0x00002700                __locale_mb_cur_max

.text.__locale_ctype_ptr_l
                0x00002728        0x8
 .text.__locale_ctype_ptr_l
                0x00002728        0x8 c:/embedded/tools/bin/../lib/gcc/arm-none-eabi/7.3.1/../../../../arm-none-eabi/lib\libc_nano.a(lib_a-locale.o)
                0x00002728                __locale_ctype_ptr_l

.text.__locale_ctype_ptr
                0x00002730       0x28
 .text.__locale_ctype_ptr
                0x00002730       0x28 c:/embedded/tools/bin/../lib/gcc/arm-none-eabi/7.3.1/../../../../arm-none-eabi/lib\libc_nano.a(lib_a-locale.o)
                0x00002730                __locale_ctype_ptr

.text.setlocale
                0x00002758       0x18
 .text.setlocale
                0x00002758       0x18 c:/embedded/tools/bin/../lib/gcc/arm-none-eabi/7.3.1/../../../../arm-none-eabi/lib\libc_nano.a(lib_a-locale.o)
                0x00002758                setlocale

.text._mbtowc_r
                0x00002770       0x34
 .text._mbtowc_r
                0x00002770       0x34 c:/embedded/tools/bin/../lib/gcc/arm-none-eabi/7.3.1/../../../../arm-none-eabi/lib\libc_nano.a(lib_a-mbtowc_r.o)
                0x00002770                _mbtowc_r

.text.__ascii_mbtowc
                0x000027a4       0x40
 .text.__ascii_mbtowc
                0x000027a4       0x40 c:/embedded/tools/bin/../lib/gcc/arm-none-eabi/7.3.1/../../../../arm-none-eabi/lib\libc_nano.a(lib_a-mbtowc_r.o)
                0x000027a4                __ascii_mbtowc

.text._wctomb_r
                0x000027e4       0x34
 .text._wctomb_r
                0x000027e4       0x34 c:/embedded/tools/bin/../lib/gcc/arm-none-eabi/7.3.1/../../../../arm-none-eabi/lib\libc_nano.a(lib_a-wctomb_r.o)
                0x000027e4                _wctomb_r

.text.__ascii_wctomb
                0x00002818       0x2c
 .text.__ascii_wctomb
                0x00002818       0x2c c:/embedded/tools/bin/../lib/gcc/arm-none-eabi/7.3.1/../../../../arm-none-eabi/lib\libc_nano.a(lib_a-wctomb_r.o)
                0x00002818                __ascii_wctomb
                0x00002844                . = ALIGN (0x4)

.rodata         0x00002844      0x823
 *(.rodata)
 .rodata        0x00002844       0xe8 main.o
 .rodata        0x0000292c      0x55c lcd.o
                0x0000292c                charMap
 .rodata        0x00002e88       0x18 startup/libea_startup_thumb.a(consol.o)
 .rodata        0x00002ea0       0xb6 startup/libea_startup_thumb.a(framework.o)
 *(.rodata*)
 *fill*         0x00002f56        0x2 
 .rodata._global_impure_ptr
                0x00002f58        0x4 c:/embedded/tools/bin/../lib/gcc/arm-none-eabi/7.3.1/../../../../arm-none-eabi/lib\libc_nano.a(lib_a-impure.o)
                0x00002f58                _global_impure_ptr
 .rodata._setlocale_r.str1.1
                0x00002f5c        0x8 c:/embedded/tools/bin/../lib/gcc/arm-none-eabi/7.3.1/../../../../arm-none-eabi/lib\libc_nano.a(lib_a-locale.o)
                                  0x9 (size before relaxing)
 .rodata.str1.1
                0x00002f64        0x2 c:/embedded/tools/bin/../lib/gcc/arm-none-eabi/7.3.1/../../../../arm-none-eabi/lib\libc_nano.a(lib_a-locale.o)
 .rodata._ctype_
                0x00002f66      0x101 c:/embedded/tools/bin/../lib/gcc/arm-none-eabi/7.3.1/../../../../arm-none-eabi/lib\libc_nano.a(lib_a-ctype_.o)
                0x00002f66                _ctype_

.ARM.extab      0x00003067        0x0
 .ARM.extab     0x00003067        0x0 c:/embedded/tools/bin/../lib/gcc/arm-none-eabi/7.3.1\libgcc.a(_udivmoddi4.o)

.ARM.exidx      0x00003068        0x8
 .ARM.exidx     0x00003068        0x8 c:/embedded/tools/bin/../lib/gcc/arm-none-eabi/7.3.1\libgcc.a(_udivmoddi4.o)

.rel.dyn        0x00003070        0x0
 .rel.iplt      0x00003070        0x0 main.o
                0x00003070                . = ALIGN (0x4)
                0x00003070                _etext = .
                [!provide]                PROVIDE (etext = .)

.data           0x40000080       0x10 load address 0x00003070
                0x40000080                _data = .
 *(.data)
 .data          0x40000080        0x0 main.o
 .data          0x40000080        0x0 lcd.o
 .data          0x40000080        0x0 lcd_hw.o
 .data          0x40000080       0x10 startup/libea_startup_thumb.a(consol.o)
 .data          0x40000090        0x0 startup/libea_startup_thumb.a(framework.o)
 .data          0x40000090        0x0 startup/libea_startup_thumb.a(startup.o)
 .data          0x40000090        0x0 irq/irq_handler.a(irq_handler.o)
 .data          0x40000090        0x0 c:/embedded/tools/bin/../lib/gcc/arm-none-eabi/7.3.1\libgcc.a(_udivsi3.o)
 .data          0x40000090        0x0 c:/embedded/tools/bin/../lib/gcc/arm-none-eabi/7.3.1\libgcc.a(_dvmd_tls.o)
 .data          0x40000090        0x0 c:/embedded/tools/bin/../lib/gcc/arm-none-eabi/7.3.1\libgcc.a(_aeabi_uldivmod.o)
 .data          0x40000090        0x0 c:/embedded/tools/bin/../lib/gcc/arm-none-eabi/7.3.1\libgcc.a(_muldi3.o)
 .data          0x40000090        0x0 c:/embedded/tools/bin/../lib/gcc/arm-none-eabi/7.3.1\libgcc.a(_udivmoddi4.o)
 .data          0x40000090        0x0 c:/embedded/tools/bin/../lib/gcc/arm-none-eabi/7.3.1\libgcc.a(_clzdi2.o)
 .data          0x40000090        0x0 c:/embedded/tools/bin/../lib/gcc/arm-none-eabi/7.3.1\libgcc.a(_clzsi2.o)
 .data          0x40000090        0x0 c:/embedded/tools/bin/../lib/gcc/arm-none-eabi/7.3.1/../../../../arm-none-eabi/lib\libc_nano.a(lib_a-atoi.o)
 .data          0x40000090        0x0 c:/embedded/tools/bin/../lib/gcc/arm-none-eabi/7.3.1/../../../../arm-none-eabi/lib\libc_nano.a(lib_a-strlen.o)
 .data          0x40000090        0x0 c:/embedded/tools/bin/../lib/gcc/arm-none-eabi/7.3.1/../../../../arm-none-eabi/lib\libc_nano.a(lib_a-strtol.o)
 .data          0x40000090        0x0 c:/embedded/tools/bin/../lib/gcc/arm-none-eabi/7.3.1/../../../../arm-none-eabi/lib\libc_nano.a(lib_a-impure.o)
 .data          0x40000090        0x0 c:/embedded/tools/bin/../lib/gcc/arm-none-eabi/7.3.1/../../../../arm-none-eabi/lib\libc_nano.a(lib_a-locale.o)
 .data          0x40000090        0x0 c:/embedded/tools/bin/../lib/gcc/arm-none-eabi/7.3.1/../../../../arm-none-eabi/lib\libc_nano.a(lib_a-mbtowc_r.o)
 .data          0x40000090        0x0 c:/embedded/tools/bin/../lib/gcc/arm-none-eabi/7.3.1/../../../../arm-none-eabi/lib\libc_nano.a(lib_a-strcmp.o)
 .data          0x40000090        0x0 c:/embedded/tools/bin/../lib/gcc/arm-none-eabi/7.3.1/../../../../arm-none-eabi/lib\libc_nano.a(lib_a-wctomb_r.o)
 .data          0x40000090        0x0 c:/embedded/tools/bin/../lib/gcc/arm-none-eabi/7.3.1/../../../../arm-none-eabi/lib\libc_nano.a(lib_a-ctype_.o)

.igot.plt       0x40000090        0x0 load address 0x00003080
 .igot.plt      0x40000090        0x0 main.o

.data._impure_ptr
                0x40000090        0x4 load address 0x00003080
 .data._impure_ptr
                0x40000090        0x4 c:/embedded/tools/bin/../lib/gcc/arm-none-eabi/7.3.1/../../../../arm-none-eabi/lib\libc_nano.a(lib_a-impure.o)
                0x40000090                _impure_ptr

.data.impure_data
                0x40000094       0x60 load address 0x00003084
 .data.impure_data
                0x40000094       0x60 c:/embedded/tools/bin/../lib/gcc/arm-none-eabi/7.3.1/../../../../arm-none-eabi/lib\libc_nano.a(lib_a-impure.o)

.data.__global_locale
                0x400000f4      0x16c load address 0x000030e4
 .data.__global_locale
                0x400000f4      0x16c c:/embedded/tools/bin/../lib/gcc/arm-none-eabi/7.3.1/../../../../arm-none-eabi/lib\libc_nano.a(lib_a-locale.o)
                0x400000f4                __global_locale
                0x40000260                . = ALIGN (0x4)
                0x40000260                _edata = .
                [!provide]                PROVIDE (edata = .)

.bss            0x40000260       0x10 load address 0x00003250
                0x40000260                _bss = .
                0x40000260                __bss_start = .
                0x40000260                __bss_start__ = .
 *(.bss)
 .bss           0x40000260        0x0 main.o
 .bss           0x40000260        0x5 lcd.o
 .bss           0x40000265        0x0 lcd_hw.o
 .bss           0x40000265        0x0 startup/libea_startup_thumb.a(consol.o)
 .bss           0x40000265        0x0 startup/libea_startup_thumb.a(framework.o)
 .bss           0x40000265        0x0 startup/libea_startup_thumb.a(startup.o)
 .bss           0x40000265        0x0 irq/irq_handler.a(irq_handler.o)
 .bss           0x40000265        0x0 c:/embedded/tools/bin/../lib/gcc/arm-none-eabi/7.3.1\libgcc.a(_udivsi3.o)
 .bss           0x40000265        0x0 c:/embedded/tools/bin/../lib/gcc/arm-none-eabi/7.3.1\libgcc.a(_dvmd_tls.o)
 .bss           0x40000265        0x0 c:/embedded/tools/bin/../lib/gcc/arm-none-eabi/7.3.1\libgcc.a(_aeabi_uldivmod.o)
 .bss           0x40000265        0x0 c:/embedded/tools/bin/../lib/gcc/arm-none-eabi/7.3.1\libgcc.a(_muldi3.o)
 .bss           0x40000265        0x0 c:/embedded/tools/bin/../lib/gcc/arm-none-eabi/7.3.1\libgcc.a(_udivmoddi4.o)
 .bss           0x40000265        0x0 c:/embedded/tools/bin/../lib/gcc/arm-none-eabi/7.3.1\libgcc.a(_clzdi2.o)
 .bss           0x40000265        0x0 c:/embedded/tools/bin/../lib/gcc/arm-none-eabi/7.3.1\libgcc.a(_clzsi2.o)
 .bss           0x40000265        0x0 c:/embedded/tools/bin/../lib/gcc/arm-none-eabi/7.3.1/../../../../arm-none-eabi/lib\libc_nano.a(lib_a-atoi.o)
 .bss           0x40000265        0x0 c:/embedded/tools/bin/../lib/gcc/arm-none-eabi/7.3.1/../../../../arm-none-eabi/lib\libc_nano.a(lib_a-strlen.o)
 .bss           0x40000265        0x0 c:/embedded/tools/bin/../lib/gcc/arm-none-eabi/7.3.1/../../../../arm-none-eabi/lib\libc_nano.a(lib_a-strtol.o)
 .bss           0x40000265        0x0 c:/embedded/tools/bin/../lib/gcc/arm-none-eabi/7.3.1/../../../../arm-none-eabi/lib\libc_nano.a(lib_a-impure.o)
 .bss           0x40000265        0x0 c:/embedded/tools/bin/../lib/gcc/arm-none-eabi/7.3.1/../../../../arm-none-eabi/lib\libc_nano.a(lib_a-locale.o)
 .bss           0x40000265        0x0 c:/embedded/tools/bin/../lib/gcc/arm-none-eabi/7.3.1/../../../../arm-none-eabi/lib\libc_nano.a(lib_a-mbtowc_r.o)
 .bss           0x40000265        0x0 c:/embedded/tools/bin/../lib/gcc/arm-none-eabi/7.3.1/../../../../arm-none-eabi/lib\libc_nano.a(lib_a-strcmp.o)
 .bss           0x40000265        0x0 c:/embedded/tools/bin/../lib/gcc/arm-none-eabi/7.3.1/../../../../arm-none-eabi/lib\libc_nano.a(lib_a-wctomb_r.o)
 .bss           0x40000265        0x0 c:/embedded/tools/bin/../lib/gcc/arm-none-eabi/7.3.1/../../../../arm-none-eabi/lib\libc_nano.a(lib_a-ctype_.o)
 *(COMMON)
 *fill*         0x40000265        0x3 
 COMMON         0x40000268        0x8 startup/libea_startup_thumb.a(framework.o)
                0x40000268                pHeapEnd
                0x4000026c                pHeapStart
                0x40000270                . = ALIGN (0x4)
                0x40000270                . = ALIGN (0x4)
                0x40000270                __bss_end = .
                0x40000270                __bss_end__ = .
                0x40000270                _end = .
                0x40000270                PROVIDE (end = .)

.bss._PathLocale
                0x40000270        0x4 load address 0x00003260
 .bss._PathLocale
                0x40000270        0x4 c:/embedded/tools/bin/../lib/gcc/arm-none-eabi/7.3.1/../../../../arm-none-eabi/lib\libc_nano.a(lib_a-locale.o)
                0x40000270                _PathLocale

.stab           0x00000000      0x3b4
 *(.stab)
 .stab          0x00000000      0x3b4 startup/libea_startup_thumb.a(startup.o)

.stabstr        0x00000000       0x51
 *(.stabstr)
 .stabstr       0x00000000       0x51 startup/libea_startup_thumb.a(startup.o)

.stab.excl
 *(.stab.excl)

.stab.exclstr
 *(.stab.exclstr)

.stab.index
 *(.stab.index)

.stab.indexstr
 *(.stab.indexstr)

.comment        0x00000000       0x7f
 *(.comment)
 .comment       0x00000000       0x7f main.o
                                 0x80 (size before relaxing)
 .comment       0x0000007f       0x80 lcd.o
 .comment       0x0000007f       0x80 lcd_hw.o
 .comment       0x0000007f       0x80 startup/libea_startup_thumb.a(consol.o)
 .comment       0x0000007f       0x80 startup/libea_startup_thumb.a(framework.o)
 .comment       0x0000007f       0x80 irq/irq_handler.a(irq_handler.o)

.ARM.attributes
                0x00000000       0x2e
 .ARM.attributes
                0x00000000       0x30 main.o
 .ARM.attributes
                0x00000030       0x30 lcd.o
 .ARM.attributes
                0x00000060       0x30 lcd_hw.o
 .ARM.attributes
                0x00000090       0x30 startup/libea_startup_thumb.a(consol.o)
 .ARM.attributes
                0x000000c0       0x30 startup/libea_startup_thumb.a(framework.o)
 .ARM.attributes
                0x000000f0       0x20 startup/libea_startup_thumb.a(startup.o)
 .ARM.attributes
                0x00000110       0x30 irq/irq_handler.a(irq_handler.o)
 .ARM.attributes
                0x00000140       0x18 c:/embedded/tools/bin/../lib/gcc/arm-none-eabi/7.3.1\libgcc.a(_udivsi3.o)
 .ARM.attributes
                0x00000158       0x18 c:/embedded/tools/bin/../lib/gcc/arm-none-eabi/7.3.1\libgcc.a(_dvmd_tls.o)
 .ARM.attributes
                0x00000170       0x18 c:/embedded/tools/bin/../lib/gcc/arm-none-eabi/7.3.1\libgcc.a(_aeabi_uldivmod.o)
 .ARM.attributes
                0x00000188       0x30 c:/embedded/tools/bin/../lib/gcc/arm-none-eabi/7.3.1\libgcc.a(_muldi3.o)
 .ARM.attributes
                0x000001b8       0x30 c:/embedded/tools/bin/../lib/gcc/arm-none-eabi/7.3.1\libgcc.a(_udivmoddi4.o)
 .ARM.attributes
                0x000001e8       0x18 c:/embedded/tools/bin/../lib/gcc/arm-none-eabi/7.3.1\libgcc.a(_clzdi2.o)
 .ARM.attributes
                0x00000200       0x18 c:/embedded/tools/bin/../lib/gcc/arm-none-eabi/7.3.1\libgcc.a(_clzsi2.o)
 .ARM.attributes
                0x00000218       0x30 c:/embedded/tools/bin/../lib/gcc/arm-none-eabi/7.3.1/../../../../arm-none-eabi/lib\libc_nano.a(lib_a-atoi.o)
 .ARM.attributes
                0x00000248       0x1c c:/embedded/tools/bin/../lib/gcc/arm-none-eabi/7.3.1/../../../../arm-none-eabi/lib\libc_nano.a(lib_a-strlen.o)
 .ARM.attributes
                0x00000264       0x30 c:/embedded/tools/bin/../lib/gcc/arm-none-eabi/7.3.1/../../../../arm-none-eabi/lib\libc_nano.a(lib_a-strtol.o)
 .ARM.attributes
                0x00000294       0x30 c:/embedded/tools/bin/../lib/gcc/arm-none-eabi/7.3.1/../../../../arm-none-eabi/lib\libc_nano.a(lib_a-impure.o)
 .ARM.attributes
                0x000002c4       0x30 c:/embedded/tools/bin/../lib/gcc/arm-none-eabi/7.3.1/../../../../arm-none-eabi/lib\libc_nano.a(lib_a-locale.o)
 .ARM.attributes
                0x000002f4       0x30 c:/embedded/tools/bin/../lib/gcc/arm-none-eabi/7.3.1/../../../../arm-none-eabi/lib\libc_nano.a(lib_a-mbtowc_r.o)
 .ARM.attributes
                0x00000324       0x16 c:/embedded/tools/bin/../lib/gcc/arm-none-eabi/7.3.1/../../../../arm-none-eabi/lib\libc_nano.a(lib_a-strcmp.o)
 .ARM.attributes
                0x0000033a       0x30 c:/embedded/tools/bin/../lib/gcc/arm-none-eabi/7.3.1/../../../../arm-none-eabi/lib\libc_nano.a(lib_a-wctomb_r.o)
 .ARM.attributes
                0x0000036a       0x30 c:/embedded/tools/bin/../lib/gcc/arm-none-eabi/7.3.1/../../../../arm-none-eabi/lib\libc_nano.a(lib_a-ctype_.o)

.debug
 *(.debug)

.line
 *(.line)

.debug_srcinfo
 *(.debug_srcinfo)

.debug_sfnames
 *(.debug_sfnames)

.debug_aranges  0x00000000       0xc0
 *(.debug_aranges)
 .debug_aranges
                0x00000000       0x20 main.o
 .debug_aranges
                0x00000020       0x20 lcd.o
 .debug_aranges
                0x00000040       0x20 lcd_hw.o
 .debug_aranges
                0x00000060       0x20 startup/libea_startup_thumb.a(consol.o)
 .debug_aranges
                0x00000080       0x20 startup/libea_startup_thumb.a(framework.o)
 .debug_aranges
                0x000000a0       0x20 irq/irq_handler.a(irq_handler.o)

.debug_pubnames
 *(.debug_pubnames)

.debug_info     0x00000000     0x2142
 *(.debug_info .gnu.linkonce.wi.*)
 .debug_info    0x00000000      0xa43 main.o
 .debug_info    0x00000a43      0x597 lcd.o
 .debug_info    0x00000fda      0x100 lcd_hw.o
 .debug_info    0x000010da      0xe27 startup/libea_startup_thumb.a(consol.o)
 .debug_info    0x00001f01      0x1cd startup/libea_startup_thumb.a(framework.o)
 .debug_info    0x000020ce       0x74 irq/irq_handler.a(irq_handler.o)

.debug_abbrev   0x00000000      0x84c
 *(.debug_abbrev)
 .debug_abbrev  0x00000000      0x1f1 main.o
 .debug_abbrev  0x000001f1      0x1a6 lcd.o
 .debug_abbrev  0x00000397       0xb7 lcd_hw.o
 .debug_abbrev  0x0000044e      0x2df startup/libea_startup_thumb.a(consol.o)
 .debug_abbrev  0x0000072d       0xdd startup/libea_startup_thumb.a(framework.o)
 .debug_abbrev  0x0000080a       0x42 irq/irq_handler.a(irq_handler.o)

.debug_line     0x00000000      0x6e0
 *(.debug_line)
 .debug_line    0x00000000      0x11f main.o
 .debug_line    0x0000011f      0x1d8 lcd.o
 .debug_line    0x000002f7       0x6b lcd_hw.o
 .debug_line    0x00000362      0x279 startup/libea_startup_thumb.a(consol.o)
 .debug_line    0x000005db       0xc0 startup/libea_startup_thumb.a(framework.o)
 .debug_line    0x0000069b       0x45 irq/irq_handler.a(irq_handler.o)

.debug_frame    0x00000000      0x9a4
 *(.debug_frame)
 .debug_frame   0x00000000       0x78 main.o
 .debug_frame   0x00000078      0x24c lcd.o
 .debug_frame   0x000002c4       0x6c lcd_hw.o
 .debug_frame   0x00000330      0x254 startup/libea_startup_thumb.a(consol.o)
 .debug_frame   0x00000584      0x120 startup/libea_startup_thumb.a(framework.o)
 .debug_frame   0x000006a4       0x40 irq/irq_handler.a(irq_handler.o)
 .debug_frame   0x000006e4       0x20 c:/embedded/tools/bin/../lib/gcc/arm-none-eabi/7.3.1\libgcc.a(_udivsi3.o)
 .debug_frame   0x00000704       0x2c c:/embedded/tools/bin/../lib/gcc/arm-none-eabi/7.3.1\libgcc.a(_aeabi_uldivmod.o)
 .debug_frame   0x00000730       0x3c c:/embedded/tools/bin/../lib/gcc/arm-none-eabi/7.3.1\libgcc.a(_muldi3.o)
 .debug_frame   0x0000076c       0x48 c:/embedded/tools/bin/../lib/gcc/arm-none-eabi/7.3.1\libgcc.a(_udivmoddi4.o)
 .debug_frame   0x000007b4       0x48 c:/embedded/tools/bin/../lib/gcc/arm-none-eabi/7.3.1/../../../../arm-none-eabi/lib\libc_nano.a(lib_a-atoi.o)
 .debug_frame   0x000007fc       0x9c c:/embedded/tools/bin/../lib/gcc/arm-none-eabi/7.3.1/../../../../arm-none-eabi/lib\libc_nano.a(lib_a-strtol.o)
 .debug_frame   0x00000898       0x6c c:/embedded/tools/bin/../lib/gcc/arm-none-eabi/7.3.1/../../../../arm-none-eabi/lib\libc_nano.a(lib_a-locale.o)
 .debug_frame   0x00000904       0x44 c:/embedded/tools/bin/../lib/gcc/arm-none-eabi/7.3.1/../../../../arm-none-eabi/lib\libc_nano.a(lib_a-mbtowc_r.o)
 .debug_frame   0x00000948       0x20 c:/embedded/tools/bin/../lib/gcc/arm-none-eabi/7.3.1/../../../../arm-none-eabi/lib\libc_nano.a(lib_a-strcmp.o)
 .debug_frame   0x00000968       0x3c c:/embedded/tools/bin/../lib/gcc/arm-none-eabi/7.3.1/../../../../arm-none-eabi/lib\libc_nano.a(lib_a-wctomb_r.o)

.debug_str      0x00000000      0x9b8
 *(.debug_str)
 .debug_str     0x00000000      0x515 main.o
                                0x56d (size before relaxing)
 .debug_str     0x00000515      0x13d lcd.o
                                0x25e (size before relaxing)
 .debug_str     0x00000652       0x3b lcd_hw.o
                                0x158 (size before relaxing)
 .debug_str     0x0000068d      0x23d startup/libea_startup_thumb.a(consol.o)
                                0x6c6 (size before relaxing)
 .debug_str     0x000008ca       0xb5 startup/libea_startup_thumb.a(framework.o)
                                0x18d (size before relaxing)
 .debug_str     0x0000097f       0x39 irq/irq_handler.a(irq_handler.o)
                                0x11a (size before relaxing)

.debug_loc      0x00000000      0xa6a
 *(.debug_loc)
 .debug_loc     0x00000000       0xaa main.o
 .debug_loc     0x000000aa      0x394 lcd.o
 .debug_loc     0x0000043e       0x9c lcd_hw.o
 .debug_loc     0x000004da      0x3a4 startup/libea_startup_thumb.a(consol.o)
 .debug_loc     0x0000087e      0x1a8 startup/libea_startup_thumb.a(framework.o)
 .debug_loc     0x00000a26       0x44 irq/irq_handler.a(irq_handler.o)

.debug_macinfo
 *(.debug_macinfo)

.debug_weaknames
 *(.debug_weaknames)

.debug_funcnames
 *(.debug_funcnames)

.debug_typenames
 *(.debug_typenames)

.debug_varnames
 *(.debug_varnames)
OUTPUT(MiniDemo2138.elf elf32-littlearm)

Cross Reference Table

Symbol                                            File
IRQ_Test                                          irq/irq_handler.a(irq_handler.o)
                                                  main.o
_PathLocale                                       c:/embedded/tools/bin/../lib/gcc/arm-none-eabi/7.3.1/../../../../arm-none-eabi/lib\libc_nano.a(lib_a-locale.o)
__aeabi_idiv0                                     c:/embedded/tools/bin/../lib/gcc/arm-none-eabi/7.3.1\libgcc.a(_dvmd_tls.o)
                                                  c:/embedded/tools/bin/../lib/gcc/arm-none-eabi/7.3.1\libgcc.a(_udivsi3.o)
__aeabi_ldiv0                                     c:/embedded/tools/bin/../lib/gcc/arm-none-eabi/7.3.1\libgcc.a(_dvmd_tls.o)
                                                  c:/embedded/tools/bin/../lib/gcc/arm-none-eabi/7.3.1\libgcc.a(_aeabi_uldivmod.o)
__aeabi_lmul                                      c:/embedded/tools/bin/../lib/gcc/arm-none-eabi/7.3.1\libgcc.a(_muldi3.o)
                                                  main.o
__aeabi_uidiv                                     c:/embedded/tools/bin/../lib/gcc/arm-none-eabi/7.3.1\libgcc.a(_udivsi3.o)
                                                  startup/libea_startup_thumb.a(consol.o)
__aeabi_uidivmod                                  c:/embedded/tools/bin/../lib/gcc/arm-none-eabi/7.3.1\libgcc.a(_udivsi3.o)
                                                  c:/embedded/tools/bin/../lib/gcc/arm-none-eabi/7.3.1/../../../../arm-none-eabi/lib\libc_nano.a(lib_a-strtol.o)
                                                  startup/libea_startup_thumb.a(consol.o)
__aeabi_uldivmod                                  c:/embedded/tools/bin/../lib/gcc/arm-none-eabi/7.3.1\libgcc.a(_aeabi_uldivmod.o)
                                                  main.o
__ascii_mbtowc                                    c:/embedded/tools/bin/../lib/gcc/arm-none-eabi/7.3.1/../../../../arm-none-eabi/lib\libc_nano.a(lib_a-mbtowc_r.o)
                                                  c:/embedded/tools/bin/../lib/gcc/arm-none-eabi/7.3.1/../../../../arm-none-eabi/lib\libc_nano.a(lib_a-locale.o)
__ascii_wctomb                                    c:/embedded/tools/bin/../lib/gcc/arm-none-eabi/7.3.1/../../../../arm-none-eabi/lib\libc_nano.a(lib_a-wctomb_r.o)
                                                  c:/embedded/tools/bin/../lib/gcc/arm-none-eabi/7.3.1/../../../../arm-none-eabi/lib\libc_nano.a(lib_a-locale.o)
__bss_end__                                       startup/libea_startup_thumb.a(startup.o)
__bss_start__                                     startup/libea_startup_thumb.a(startup.o)
__clzdi2                                          c:/embedded/tools/bin/../lib/gcc/arm-none-eabi/7.3.1\libgcc.a(_clzdi2.o)
                                                  c:/embedded/tools/bin/../lib/gcc/arm-none-eabi/7.3.1\libgcc.a(_udivmoddi4.o)
__clzsi2                                          c:/embedded/tools/bin/../lib/gcc/arm-none-eabi/7.3.1\libgcc.a(_clzsi2.o)
                                                  c:/embedded/tools/bin/../lib/gcc/arm-none-eabi/7.3.1\libgcc.a(_clzdi2.o)
__global_locale                                   c:/embedded/tools/bin/../lib/gcc/arm-none-eabi/7.3.1/../../../../arm-none-eabi/lib\libc_nano.a(lib_a-locale.o)
                                                  c:/embedded/tools/bin/../lib/gcc/arm-none-eabi/7.3.1/../../../../arm-none-eabi/lib\libc_nano.a(lib_a-wctomb_r.o)
                                                  c:/embedded/tools/bin/../lib/gcc/arm-none-eabi/7.3.1/../../../../arm-none-eabi/lib\libc_nano.a(lib_a-mbtowc_r.o)
                                                  c:/embedded/tools/bin/../lib/gcc/arm-none-eabi/7.3.1/../../../../arm-none-eabi/lib\libc_nano.a(lib_a-strtol.o)
__locale_ctype_ptr                                c:/embedded/tools/bin/../lib/gcc/arm-none-eabi/7.3.1/../../../../arm-none-eabi/lib\libc_nano.a(lib_a-locale.o)
__locale_ctype_ptr_l                              c:/embedded/tools/bin/../lib/gcc/arm-none-eabi/7.3.1/../../../../arm-none-eabi/lib\libc_nano.a(lib_a-locale.o)
                                                  c:/embedded/tools/bin/../lib/gcc/arm-none-eabi/7.3.1/../../../../arm-none-eabi/lib\libc_nano.a(lib_a-strtol.o)
__locale_mb_cur_max                               c:/embedded/tools/bin/../lib/gcc/arm-none-eabi/7.3.1/../../../../arm-none-eabi/lib\libc_nano.a(lib_a-locale.o)
__muldi3                                          c:/embedded/tools/bin/../lib/gcc/arm-none-eabi/7.3.1\libgcc.a(_muldi3.o)
__sf_fake_stderr                                  c:/embedded/tools/bin/../lib/gcc/arm-none-eabi/7.3.1/../../../../arm-none-eabi/lib\libc_nano.a(lib_a-impure.o)
__sf_fake_stdin                                   c:/embedded/tools/bin/../lib/gcc/arm-none-eabi/7.3.1/../../../../arm-none-eabi/lib\libc_nano.a(lib_a-impure.o)
__sf_fake_stdout                                  c:/embedded/tools/bin/../lib/gcc/arm-none-eabi/7.3.1/../../../../arm-none-eabi/lib\libc_nano.a(lib_a-impure.o)
__udivmoddi4                                      c:/embedded/tools/bin/../lib/gcc/arm-none-eabi/7.3.1\libgcc.a(_udivmoddi4.o)
                                                  c:/embedded/tools/bin/../lib/gcc/arm-none-eabi/7.3.1\libgcc.a(_aeabi_uldivmod.o)
__udivsi3                                         c:/embedded/tools/bin/../lib/gcc/arm-none-eabi/7.3.1\libgcc.a(_udivsi3.o)
_atoi_r                                           c:/embedded/tools/bin/../lib/gcc/arm-none-eabi/7.3.1/../../../../arm-none-eabi/lib\libc_nano.a(lib_a-atoi.o)
_ctype_                                           c:/embedded/tools/bin/../lib/gcc/arm-none-eabi/7.3.1/../../../../arm-none-eabi/lib\libc_nano.a(lib_a-ctype_.o)
                                                  c:/embedded/tools/bin/../lib/gcc/arm-none-eabi/7.3.1/../../../../arm-none-eabi/lib\libc_nano.a(lib_a-locale.o)
_data                                             startup/libea_startup_thumb.a(startup.o)
_edata                                            startup/libea_startup_thumb.a(startup.o)
_etext                                            startup/libea_startup_thumb.a(startup.o)
_global_impure_ptr                                c:/embedded/tools/bin/../lib/gcc/arm-none-eabi/7.3.1/../../../../arm-none-eabi/lib\libc_nano.a(lib_a-impure.o)
_impure_ptr                                       c:/embedded/tools/bin/../lib/gcc/arm-none-eabi/7.3.1/../../../../arm-none-eabi/lib\libc_nano.a(lib_a-impure.o)
                                                  c:/embedded/tools/bin/../lib/gcc/arm-none-eabi/7.3.1/../../../../arm-none-eabi/lib\libc_nano.a(lib_a-wctomb_r.o)
                                                  c:/embedded/tools/bin/../lib/gcc/arm-none-eabi/7.3.1/../../../../arm-none-eabi/lib\libc_nano.a(lib_a-mbtowc_r.o)
                                                  c:/embedded/tools/bin/../lib/gcc/arm-none-eabi/7.3.1/../../../../arm-none-eabi/lib\libc_nano.a(lib_a-locale.o)
                                                  c:/embedded/tools/bin/../lib/gcc/arm-none-eabi/7.3.1/../../../../arm-none-eabi/lib\libc_nano.a(lib_a-strtol.o)
_mbtowc_r                                         c:/embedded/tools/bin/../lib/gcc/arm-none-eabi/7.3.1/../../../../arm-none-eabi/lib\libc_nano.a(lib_a-mbtowc_r.o)
_setlocale_r                                      c:/embedded/tools/bin/../lib/gcc/arm-none-eabi/7.3.1/../../../../arm-none-eabi/lib\libc_nano.a(lib_a-locale.o)
_startup                                          startup/libea_startup_thumb.a(startup.o)
_strtol_r                                         c:/embedded/tools/bin/../lib/gcc/arm-none-eabi/7.3.1/../../../../arm-none-eabi/lib\libc_nano.a(lib_a-strtol.o)
                                                  c:/embedded/tools/bin/../lib/gcc/arm-none-eabi/7.3.1/../../../../arm-none-eabi/lib\libc_nano.a(lib_a-atoi.o)
_wctomb_r                                         c:/embedded/tools/bin/../lib/gcc/arm-none-eabi/7.3.1/../../../../arm-none-eabi/lib\libc_nano.a(lib_a-wctomb_r.o)
atoi                                              c:/embedded/tools/bin/../lib/gcc/arm-none-eabi/7.3.1/../../../../arm-none-eabi/lib\libc_nano.a(lib_a-atoi.o)
                                                  startup/libea_startup_thumb.a(consol.o)
charMap                                           lcd.o
consolGetCh                                       startup/libea_startup_thumb.a(consol.o)
consolGetChar                                     startup/libea_startup_thumb.a(consol.o)
consolGetIntNum                                   startup/libea_startup_thumb.a(consol.o)
consolGetString                                   startup/libea_startup_thumb.a(consol.o)
consolInit                                        startup/libea_startup_thumb.a(consol.o)
                                                  startup/libea_startup_thumb.a(framework.o)
consolScanf                                       startup/libea_startup_thumb.a(consol.o)
consolSendCh                                      startup/libea_startup_thumb.a(consol.o)
consolSendChar                                    startup/libea_startup_thumb.a(consol.o)
consolSendNumber                                  startup/libea_startup_thumb.a(consol.o)
                                                  startup/libea_startup_thumb.a(framework.o)
consolSendString                                  startup/libea_startup_thumb.a(consol.o)
                                                  startup/libea_startup_thumb.a(framework.o)
end                                               startup/libea_startup_thumb.a(framework.o)
exceptionHandlerInit                              startup/libea_startup_thumb.a(framework.o)
                                                  startup/libea_startup_thumb.a(startup.o)
initSpiForLcd                                     lcd_hw.o
                                                  lcd.o
lcdClrscr                                         lcd.o
                                                  main.o
lcdColor                                          lcd.o
                                                  main.o
lcdContrast                                       lcd.o
lcdData                                           lcd.o
lcdGotoxy                                         lcd.o
                                                  main.o
lcdIcon                                           lcd.o
lcdInit                                           lcd.o
                                                  main.o
lcdOff                                            lcd.o
lcdPutchar                                        lcd.o
lcdPuts                                           lcd.o
                                                  main.o
lcdRect                                           lcd.o
lcdRectBrd                                        lcd.o
lcdWindow                                         lcd.o
lcdWrcmd                                          lcd.o
lcdWrdata                                         lcd.o
lowLevelInit                                      startup/libea_startup_thumb.a(framework.o)
                                                  startup/libea_startup_thumb.a(startup.o)
main                                              main.o
                                                  startup/libea_startup_thumb.a(startup.o)
pHeapEnd                                          startup/libea_startup_thumb.a(framework.o)
pHeapStart                                        startup/libea_startup_thumb.a(framework.o)
printf_init                                       startup/libea_startup_thumb.a(framework.o)
                                                  main.o
sdelay                                            main.o
                                                  lcd.o
selectLCD                                         lcd_hw.o
                                                  lcd.o
sendToLCD                                         lcd_hw.o
                                                  lcd.o
setlocale                                         c:/embedded/tools/bin/../lib/gcc/arm-none-eabi/7.3.1/../../../../arm-none-eabi/lib\libc_nano.a(lib_a-locale.o)
simplePrintf                                      startup/libea_startup_thumb.a(consol.o)
                                                  main.o
strcmp                                            c:/embedded/tools/bin/../lib/gcc/arm-none-eabi/7.3.1/../../../../arm-none-eabi/lib\libc_nano.a(lib_a-strcmp.o)
                                                  c:/embedded/tools/bin/../lib/gcc/arm-none-eabi/7.3.1/../../../../arm-none-eabi/lib\libc_nano.a(lib_a-locale.o)
strlen                                            c:/embedded/tools/bin/../lib/gcc/arm-none-eabi/7.3.1/../../../../arm-none-eabi/lib\libc_nano.a(lib_a-strlen.o)
                                                  startup/libea_startup_thumb.a(consol.o)
strtol                                            c:/embedded/tools/bin/../lib/gcc/arm-none-eabi/7.3.1/../../../../arm-none-eabi/lib\libc_nano.a(lib_a-strtol.o)
                                                  c:/embedded/tools/bin/../lib/gcc/arm-none-eabi/7.3.1/../../../../arm-none-eabi/lib\libc_nano.a(lib_a-atoi.o)
strtol_l                                          c:/embedded/tools/bin/../lib/gcc/arm-none-eabi/7.3.1/../../../../arm-none-eabi/lib\libc_nano.a(lib_a-strtol.o)
